../Core/Src/main.c:163:5:main	7
../Core/Src/main.c:310:6:SystemClock_Config	3
../Core/Src/main.c:380:13:MX_TIM2_Init	6
../Core/Src/main.c:450:13:MX_TIM6_Init	2
../Core/Src/main.c:486:13:MX_TIM7_Init	2
../Core/Src/main.c:518:13:MX_USART2_UART_Init	2
../Core/Src/main.c:552:13:MX_GPIO_Init	1
../Core/Src/main.c:617:6:HAL_TIM_IC_CaptureCallback	4
../Core/Src/main.c:656:6:HAL_TIM_PeriodElapsedCallback	3
../Core/Src/main.c:674:6:TIM6_DAC_IRQHandler	1
../Core/Src/main.c:679:6:TIM7_IRQHandler	1
../Core/Src/main.c:690:6:Error_Handler	1
