../Core/Src/main.c:163:5:main	56	static
../Core/Src/main.c:310:6:SystemClock_Config	88	static
../Core/Src/main.c:380:13:MX_TIM2_Init	48	static
../Core/Src/main.c:450:13:MX_TIM6_Init	16	static
../Core/Src/main.c:486:13:MX_TIM7_Init	16	static
../Core/Src/main.c:518:13:MX_USART2_UART_Init	8	static
../Core/Src/main.c:552:13:MX_GPIO_Init	48	static
../Core/Src/main.c:617:6:HAL_TIM_IC_CaptureCallback	16	static
../Core/Src/main.c:656:6:HAL_TIM_PeriodElapsedCallback	16	static
../Core/Src/main.c:674:6:TIM6_DAC_IRQHandler	8	static
../Core/Src/main.c:679:6:TIM7_IRQHandler	8	static
../Core/Src/main.c:690:6:Error_Handler	4	static,ignoring_inline_asm
